\BOOKMARK [1][-]{section.1}{Introduction}{}% 1
\BOOKMARK [1][-]{section.2}{Facts about M-adhesive categories and kernel pairs}{}% 2
\BOOKMARK [2][-]{subsection.2.1}{M-adhesivity}{section.2}% 3
\BOOKMARK [2][-]{subsection.2.2}{Some properties of kernel pairs and regular epimorphisms}{section.2}% 4
\BOOKMARK [1][-]{section.3}{Hypergraphical structures}{}% 5
\BOOKMARK [2][-]{subsection.3.1}{Kleene star}{section.3}% 6
\BOOKMARK [2][-]{subsection.3.2}{The category of hypergraphs}{section.3}% 7
\BOOKMARK [2][-]{subsection.3.3}{Some subcategories of Hyp}{section.3}% 8
\BOOKMARK [3][-]{subsubsection.3.3.1}{Left-monogamous hypergraphs}{subsection.3.3}% 9
\BOOKMARK [3][-]{subsubsection.3.3.2}{Pruned and separated hypergraphs}{subsection.3.3}% 10
\BOOKMARK [2][-]{subsection.3.4}{Labelled hypergraphs}{section.3}% 11
\BOOKMARK [3][-]{subsubsection.3.4.1}{Labelled left-monogamous and separated hypergraphs}{subsection.3.4}% 12
\BOOKMARK [1][-]{section.4}{Adding equivalences to hypergraphical structures}{}% 13
\BOOKMARK [2][-]{subsection.4.1}{Hypergraphs with equivalence}{section.4}% 14
\BOOKMARK [2][-]{subsection.4.2}{Some subcategories of Hypeq}{section.4}% 15
\BOOKMARK [2][-]{subsection.4.3}{Labelled hypergraphs with equivalence}{section.4}% 16
\BOOKMARK [1][-]{section.5}{EGGs}{}% 17
\BOOKMARK [2][-]{subsection.5.1}{E-hypergraphs}{section.5}% 18
\BOOKMARK [2][-]{subsection.5.2}{Labelled e-hypergraphs}{section.5}% 19
\BOOKMARK [1][-]{section.6}{On term representations, and M-adhesive rewriting}{}% 20
\BOOKMARK [2][-]{subsection.6.1}{Representing terms}{section.6}% 21
\BOOKMARK [2][-]{subsection.6.2}{DPO rewriting on e-term graphs}{section.6}% 22
\BOOKMARK [3][-]{subsubsection.6.2.1}{Issue 1: Left-linear rules}{subsection.6.2}% 23
\BOOKMARK [3][-]{subsubsection.6.2.2}{Issue 2: Application conditions}{subsection.6.2}% 24
\BOOKMARK [3][-]{subsubsection.6.2.3}{Issue 3: Cycles}{subsection.6.2}% 25
\BOOKMARK [1][-]{section.7}{Conclusions and further and related works}{}% 26
\BOOKMARK [1][-]{appendix.A}{Omitted proofs}{}% 27
\BOOKMARK [2][-]{subsection.A.1}{Proofs for sec:ade}{appendix.A}% 28
\BOOKMARK [2][-]{subsection.A.2}{Proofs for sec:hyper}{appendix.A}% 29
\BOOKMARK [3][-]{subsubsection.A.2.1}{Left-monogamous hypergraphs - proofs}{subsection.A.2}% 30
\BOOKMARK [3][-]{subsubsection.A.2.2}{Separated hypergraphs - proofs}{subsection.A.2}% 31
\BOOKMARK [2][-]{subsection.A.3}{Proofs for hypereq}{appendix.A}% 32
\BOOKMARK [2][-]{subsection.A.4}{Proofs for eggs}{appendix.A}% 33
\BOOKMARK [1][-]{appendix.B}{Some properties of comma categories}{}% 34
\BOOKMARK [2][-]{subsection.B.1}{Slice categories}{appendix.B}% 35
